Contract Metadata
protocol ipfs
hash QmQaEuFFsAwGbKd51LPcsLkKD5NwsB8aAzg7KkRsjuhjf2
solc 0.8.21
url ipfs://QmQaEuFFsAwGbKd51LPcsLkKD5NwsB8aAzg7KkRsjuhjf2
