   pc  opcode  push data (PUSHx)
0 : 
    0  PUSH1   0x01 
    2  PUSH1   0x02 
    4  ADD   
    5  PUSH1   0x0c 
    7  JUMP   
8 : unreachable
01020304
12 : 
   12  JUMPDEST   
   13  PUSH3   0xfffefd 
17 : 
   17  JUMPDEST   
   18  STOP   
